  Determining projects to restore...
  All projects are up-to-date for restore.
C:\Program Files\dotnet\sdk\10.0.201\Microsoft.Common.CurrentVersion.targets(5395,5): warning MSB3026: Could not copy "U:\complaint-management-system-aspnet\obj\Debug\net10.0\apphost.exe" to "bin\Debug\net10.0\SIBA.ComplaintSystem.exe". Beginning retry 1 in 1000ms. The process cannot access the file 'U:\complaint-management-system-aspnet\bin\Debug\net10.0\SIBA.ComplaintSystem.exe' because it is being used by another process. The file is locked by: "SIBA.ComplaintSystem (5864)" [U:\complaint-management-system-aspnet\SIBA.ComplaintSystem.csproj]
C:\Program Files\dotnet\sdk\10.0.201\Microsoft.Common.CurrentVersion.targets(5395,5): warning MSB3026: Could not copy "U:\complaint-management-system-aspnet\obj\Debug\net10.0\apphost.exe" to "bin\Debug\net10.0\SIBA.ComplaintSystem.exe". Beginning retry 2 in 1000ms. The process cannot access the file 'U:\complaint-management-system-aspnet\bin\Debug\net10.0\SIBA.ComplaintSystem.exe' because it is being used by another process. The file is locked by: "SIBA.ComplaintSystem (5864)" [U:\complaint-management-system-aspnet\SIBA.ComplaintSystem.csproj]
C:\Program Files\dotnet\sdk\10.0.201\Microsoft.Common.CurrentVersion.targets(5395,5): warning MSB3026: Could not copy "U:\complaint-management-system-aspnet\obj\Debug\net10.0\apphost.exe" to "bin\Debug\net10.0\SIBA.ComplaintSystem.exe". Beginning retry 3 in 1000ms. The process cannot access the file 'U:\complaint-management-system-aspnet\bin\Debug\net10.0\SIBA.ComplaintSystem.exe' because it is being used by another process. The file is locked by: "SIBA.ComplaintSystem (5864)" [U:\complaint-management-system-aspnet\SIBA.ComplaintSystem.csproj]
C:\Program Files\dotnet\sdk\10.0.201\Microsoft.Common.CurrentVersion.targets(5395,5): warning MSB3026: Could not copy "U:\complaint-management-system-aspnet\obj\Debug\net10.0\apphost.exe" to "bin\Debug\net10.0\SIBA.ComplaintSystem.exe". Beginning retry 4 in 1000ms. The process cannot access the file 'U:\complaint-management-system-aspnet\bin\Debug\net10.0\SIBA.ComplaintSystem.exe' because it is being used by another process. The file is locked by: "SIBA.ComplaintSystem (5864)" [U:\complaint-management-system-aspnet\SIBA.ComplaintSystem.csproj]
C:\Program Files\dotnet\sdk\10.0.201\Microsoft.Common.CurrentVersion.targets(5395,5): warning MSB3026: Could not copy "U:\complaint-management-system-aspnet\obj\Debug\net10.0\apphost.exe" to "bin\Debug\net10.0\SIBA.ComplaintSystem.exe". Beginning retry 5 in 1000ms. The process cannot access the file 'U:\complaint-management-system-aspnet\bin\Debug\net10.0\SIBA.ComplaintSystem.exe' because it is being used by another process. The file is locked by: "SIBA.ComplaintSystem (5864)" [U:\complaint-management-system-aspnet\SIBA.ComplaintSystem.csproj]
C:\Program Files\dotnet\sdk\10.0.201\Microsoft.Common.CurrentVersion.targets(5395,5): warning MSB3026: Could not copy "U:\complaint-management-system-aspnet\obj\Debug\net10.0\apphost.exe" to "bin\Debug\net10.0\SIBA.ComplaintSystem.exe". Beginning retry 6 in 1000ms. The process cannot access the file 'U:\complaint-management-system-aspnet\bin\Debug\net10.0\SIBA.ComplaintSystem.exe' because it is being used by another process. The file is locked by: "SIBA.ComplaintSystem (5864)" [U:\complaint-management-system-aspnet\SIBA.ComplaintSystem.csproj]
C:\Program Files\dotnet\sdk\10.0.201\Microsoft.Common.CurrentVersion.targets(5395,5): warning MSB3026: Could not copy "U:\complaint-management-system-aspnet\obj\Debug\net10.0\apphost.exe" to "bin\Debug\net10.0\SIBA.ComplaintSystem.exe". Beginning retry 7 in 1000ms. The process cannot access the file 'U:\complaint-management-system-aspnet\bin\Debug\net10.0\SIBA.ComplaintSystem.exe' because it is being used by another process. The file is locked by: "SIBA.ComplaintSystem (5864)" [U:\complaint-management-system-aspnet\SIBA.ComplaintSystem.csproj]
C:\Program Files\dotnet\sdk\10.0.201\Microsoft.Common.CurrentVersion.targets(5395,5): warning MSB3026: Could not copy "U:\complaint-management-system-aspnet\obj\Debug\net10.0\apphost.exe" to "bin\Debug\net10.0\SIBA.ComplaintSystem.exe". Beginning retry 8 in 1000ms. The process cannot access the file 'U:\complaint-management-system-aspnet\bin\Debug\net10.0\SIBA.ComplaintSystem.exe' because it is being used by another process. The file is locked by: "SIBA.ComplaintSystem (5864)" [U:\complaint-management-system-aspnet\SIBA.ComplaintSystem.csproj]
C:\Program Files\dotnet\sdk\10.0.201\Microsoft.Common.CurrentVersion.targets(5395,5): warning MSB3026: Could not copy "U:\complaint-management-system-aspnet\obj\Debug\net10.0\apphost.exe" to "bin\Debug\net10.0\SIBA.ComplaintSystem.exe". Beginning retry 9 in 1000ms. The process cannot access the file 'U:\complaint-management-system-aspnet\bin\Debug\net10.0\SIBA.ComplaintSystem.exe' because it is being used by another process. The file is locked by: "SIBA.ComplaintSystem (5864)" [U:\complaint-management-system-aspnet\SIBA.ComplaintSystem.csproj]
C:\Program Files\dotnet\sdk\10.0.201\Microsoft.Common.CurrentVersion.targets(5395,5): warning MSB3026: Could not copy "U:\complaint-management-system-aspnet\obj\Debug\net10.0\apphost.exe" to "bin\Debug\net10.0\SIBA.ComplaintSystem.exe". Beginning retry 10 in 1000ms. The process cannot access the file 'U:\complaint-management-system-aspnet\bin\Debug\net10.0\SIBA.ComplaintSystem.exe' because it is being used by another process. The file is locked by: "SIBA.ComplaintSystem (5864)" [U:\complaint-management-system-aspnet\SIBA.ComplaintSystem.csproj]
C:\Program Files\dotnet\sdk\10.0.201\Microsoft.Common.CurrentVersion.targets(5395,5): error MSB3027: Could not copy "U:\complaint-management-system-aspnet\obj\Debug\net10.0\apphost.exe" to "bin\Debug\net10.0\SIBA.ComplaintSystem.exe". Exceeded retry count of 10. Failed. The file is locked by: "SIBA.ComplaintSystem (5864)" [U:\complaint-management-system-aspnet\SIBA.ComplaintSystem.csproj]
C:\Program Files\dotnet\sdk\10.0.201\Microsoft.Common.CurrentVersion.targets(5395,5): error MSB3021: Unable to copy file "U:\complaint-management-system-aspnet\obj\Debug\net10.0\apphost.exe" to "bin\Debug\net10.0\SIBA.ComplaintSystem.exe". The process cannot access the file 'U:\complaint-management-system-aspnet\bin\Debug\net10.0\SIBA.ComplaintSystem.exe' because it is being used by another process. [U:\complaint-management-system-aspnet\SIBA.ComplaintSystem.csproj]

Build FAILED.

C:\Program Files\dotnet\sdk\10.0.201\Microsoft.Common.CurrentVersion.targets(5395,5): warning MSB3026: Could not copy "U:\complaint-management-system-aspnet\obj\Debug\net10.0\apphost.exe" to "bin\Debug\net10.0\SIBA.ComplaintSystem.exe". Beginning retry 1 in 1000ms. The process cannot access the file 'U:\complaint-management-system-aspnet\bin\Debug\net10.0\SIBA.ComplaintSystem.exe' because it is being used by another process. The file is locked by: "SIBA.ComplaintSystem (5864)" [U:\complaint-management-system-aspnet\SIBA.ComplaintSystem.csproj]
C:\Program Files\dotnet\sdk\10.0.201\Microsoft.Common.CurrentVersion.targets(5395,5): warning MSB3026: Could not copy "U:\complaint-management-system-aspnet\obj\Debug\net10.0\apphost.exe" to "bin\Debug\net10.0\SIBA.ComplaintSystem.exe". Beginning retry 2 in 1000ms. The process cannot access the file 'U:\complaint-management-system-aspnet\bin\Debug\net10.0\SIBA.ComplaintSystem.exe' because it is being used by another process. The file is locked by: "SIBA.ComplaintSystem (5864)" [U:\complaint-management-system-aspnet\SIBA.ComplaintSystem.csproj]
C:\Program Files\dotnet\sdk\10.0.201\Microsoft.Common.CurrentVersion.targets(5395,5): warning MSB3026: Could not copy "U:\complaint-management-system-aspnet\obj\Debug\net10.0\apphost.exe" to "bin\Debug\net10.0\SIBA.ComplaintSystem.exe". Beginning retry 3 in 1000ms. The process cannot access the file 'U:\complaint-management-system-aspnet\bin\Debug\net10.0\SIBA.ComplaintSystem.exe' because it is being used by another process. The file is locked by: "SIBA.ComplaintSystem (5864)" [U:\complaint-management-system-aspnet\SIBA.ComplaintSystem.csproj]
C:\Program Files\dotnet\sdk\10.0.201\Microsoft.Common.CurrentVersion.targets(5395,5): warning MSB3026: Could not copy "U:\complaint-management-system-aspnet\obj\Debug\net10.0\apphost.exe" to "bin\Debug\net10.0\SIBA.ComplaintSystem.exe". Beginning retry 4 in 1000ms. The process cannot access the file 'U:\complaint-management-system-aspnet\bin\Debug\net10.0\SIBA.ComplaintSystem.exe' because it is being used by another process. The file is locked by: "SIBA.ComplaintSystem (5864)" [U:\complaint-management-system-aspnet\SIBA.ComplaintSystem.csproj]
C:\Program Files\dotnet\sdk\10.0.201\Microsoft.Common.CurrentVersion.targets(5395,5): warning MSB3026: Could not copy "U:\complaint-management-system-aspnet\obj\Debug\net10.0\apphost.exe" to "bin\Debug\net10.0\SIBA.ComplaintSystem.exe". Beginning retry 5 in 1000ms. The process cannot access the file 'U:\complaint-management-system-aspnet\bin\Debug\net10.0\SIBA.ComplaintSystem.exe' because it is being used by another process. The file is locked by: "SIBA.ComplaintSystem (5864)" [U:\complaint-management-system-aspnet\SIBA.ComplaintSystem.csproj]
C:\Program Files\dotnet\sdk\10.0.201\Microsoft.Common.CurrentVersion.targets(5395,5): warning MSB3026: Could not copy "U:\complaint-management-system-aspnet\obj\Debug\net10.0\apphost.exe" to "bin\Debug\net10.0\SIBA.ComplaintSystem.exe". Beginning retry 6 in 1000ms. The process cannot access the file 'U:\complaint-management-system-aspnet\bin\Debug\net10.0\SIBA.ComplaintSystem.exe' because it is being used by another process. The file is locked by: "SIBA.ComplaintSystem (5864)" [U:\complaint-management-system-aspnet\SIBA.ComplaintSystem.csproj]
C:\Program Files\dotnet\sdk\10.0.201\Microsoft.Common.CurrentVersion.targets(5395,5): warning MSB3026: Could not copy "U:\complaint-management-system-aspnet\obj\Debug\net10.0\apphost.exe" to "bin\Debug\net10.0\SIBA.ComplaintSystem.exe". Beginning retry 7 in 1000ms. The process cannot access the file 'U:\complaint-management-system-aspnet\bin\Debug\net10.0\SIBA.ComplaintSystem.exe' because it is being used by another process. The file is locked by: "SIBA.ComplaintSystem (5864)" [U:\complaint-management-system-aspnet\SIBA.ComplaintSystem.csproj]
C:\Program Files\dotnet\sdk\10.0.201\Microsoft.Common.CurrentVersion.targets(5395,5): warning MSB3026: Could not copy "U:\complaint-management-system-aspnet\obj\Debug\net10.0\apphost.exe" to "bin\Debug\net10.0\SIBA.ComplaintSystem.exe". Beginning retry 8 in 1000ms. The process cannot access the file 'U:\complaint-management-system-aspnet\bin\Debug\net10.0\SIBA.ComplaintSystem.exe' because it is being used by another process. The file is locked by: "SIBA.ComplaintSystem (5864)" [U:\complaint-management-system-aspnet\SIBA.ComplaintSystem.csproj]
C:\Program Files\dotnet\sdk\10.0.201\Microsoft.Common.CurrentVersion.targets(5395,5): warning MSB3026: Could not copy "U:\complaint-management-system-aspnet\obj\Debug\net10.0\apphost.exe" to "bin\Debug\net10.0\SIBA.ComplaintSystem.exe". Beginning retry 9 in 1000ms. The process cannot access the file 'U:\complaint-management-system-aspnet\bin\Debug\net10.0\SIBA.ComplaintSystem.exe' because it is being used by another process. The file is locked by: "SIBA.ComplaintSystem (5864)" [U:\complaint-management-system-aspnet\SIBA.ComplaintSystem.csproj]
C:\Program Files\dotnet\sdk\10.0.201\Microsoft.Common.CurrentVersion.targets(5395,5): warning MSB3026: Could not copy "U:\complaint-management-system-aspnet\obj\Debug\net10.0\apphost.exe" to "bin\Debug\net10.0\SIBA.ComplaintSystem.exe". Beginning retry 10 in 1000ms. The process cannot access the file 'U:\complaint-management-system-aspnet\bin\Debug\net10.0\SIBA.ComplaintSystem.exe' because it is being used by another process. The file is locked by: "SIBA.ComplaintSystem (5864)" [U:\complaint-management-system-aspnet\SIBA.ComplaintSystem.csproj]
C:\Program Files\dotnet\sdk\10.0.201\Microsoft.Common.CurrentVersion.targets(5395,5): error MSB3027: Could not copy "U:\complaint-management-system-aspnet\obj\Debug\net10.0\apphost.exe" to "bin\Debug\net10.0\SIBA.ComplaintSystem.exe". Exceeded retry count of 10. Failed. The file is locked by: "SIBA.ComplaintSystem (5864)" [U:\complaint-management-system-aspnet\SIBA.ComplaintSystem.csproj]
C:\Program Files\dotnet\sdk\10.0.201\Microsoft.Common.CurrentVersion.targets(5395,5): error MSB3021: Unable to copy file "U:\complaint-management-system-aspnet\obj\Debug\net10.0\apphost.exe" to "bin\Debug\net10.0\SIBA.ComplaintSystem.exe". The process cannot access the file 'U:\complaint-management-system-aspnet\bin\Debug\net10.0\SIBA.ComplaintSystem.exe' because it is being used by another process. [U:\complaint-management-system-aspnet\SIBA.ComplaintSystem.csproj]
    10 Warning(s)
    2 Error(s)

Time Elapsed 00:00:14.62
